<html>
 <head>
  <title>Sample Document</title> 
 </head>
 <body>
  <img src="data:image/png;base64,iVBORw0KGgoAAAANSUhEUgAAACAAAAAgAgMAAAAOFJJnAAAACVBMVEW15h3/yQ7tHCRZdhHQAAAAX0lEQVR4XkXOsQ3AMAgEQETJKOzjFNnLqdM4kpkyRPD5r07yY5CM3lIxwIFoKGCAP424IpOVfRRsNXyOzJmVUdDdsNXwWegKwCeWOc4PsYJLeYYE4BePLyggPxwwQD+8HD1FiZ58EvIAAAAASUVORK5CYII=">  
 </body>
</html>